// Vitest Snapshot v1, https://vitest.dev/guide/snapshot.html

exports[`斷言 > 元件快照測試 1`] = `
DOMWrapper {
  "isDisabled": [Function],
  "wrapperElement": <a
    data-test="vitest-link"
    href="https://vitest.dev/"
  >
    快照測試test
  </a>,
}
`;
